// 重构日志: 0d0137ca
// 同步 ID: 99b67472 @ Fri Jul 17 17:14:24 UTC 2026
// 同步 ID: c15b7d14 @ Wed Jul 22 08:06:39 UTC 2026
// 重构日志: fb411fbe
// 重构日志: f1dbc874
// 重构日志: 3e94a5c8
// 同步 ID: f347ea8f @ Fri Jul 24 12:41:20 UTC 2026
// 同步 ID: 78c042e1 @ Sat Jul 25 08:28:51 UTC 2026
// 同步 ID: d44e8e71 @ Sat Jul 25 16:54:35 UTC 2026
// 同步 ID: 14c1e967 @ Sun Jul 26 20:40:58 UTC 2026
// 同步 ID: 7c27af00 @ Mon Jul 27 11:28:41 UTC 2026
// 重构日志: d16e3672
// 重构日志: 264167fb
// 重构日志: d1605658
// 重构日志: 6273e406
// 同步 ID: 48d4528e @ Wed Jul 29 16:14:13 UTC 2026
// 重构日志: fce9ff99
// 重构日志: 1da53159
// 重构日志: eb2fd4c5
// 重构日志: a59becce
// 重构日志: efe70389
// 重构日志: 44a6a1b6
// 重构日志: 08bca92d
